// Jest Snapshot v1, https://goo.gl/fbAQLP

exports[`Es hora de las instantaneas Siempre fallara la instantanea 1`] = `
Object {
  "createAt": 2020-08-06T19:04:06.787Z,
  "id": 17,
}
`;

exports[`Es hora de las instantaneas Snapshot 1`] = `
Object {
  "gender": "Male",
  "id": 1,
  "name": "Rick Sanchez",
  "species": "Human",
  "status": "Alive",
}
`;

exports[`Es hora de las instantaneas tenemos una excepcion dentro del código 1`] = `
Object {
  "id": Any<Number>,
  "name": "José Rubilar",
}
`;
